2025-07-30 03:55:25,167 | ework_bot_tg.bot.bot | ERROR | Failed to create invoice link for payment 12 (user 7727039536)
Traceback (most recent call last):
  File "/home/HelpWork/Ework/ework_bot_tg/bot/bot.py", line 112, in create_invoice_link
    response.raise_for_status()
  File "/home/HelpWork/Ework/.venv/lib/python3.12/site-packages/httpx/_models.py", line 829, in raise_for_status
    raise HTTPStatusError(message, request=request, response=self)
httpx.HTTPStatusError: Client error '400 Bad Request' for url 'https://api.telegram.org/bot7557858274:AAGVuQyVC0H7YKgBR7FJ15PMjvMfPpF4y9w/createInvoiceLink'
For more information check: https://developer.mozilla.org/en-US/docs/Web/HTTP/Status/400
2025-08-04 14:32:42,490 | ework_bot_tg.bot.bot | WARNING | Пост не найден или уже обработан
2025-08-04 14:32:46,227 | ework_bot_tg.bot.bot | WARNING | Пост не найден или уже обработан
2025-08-10 15:10:00,591 | ework_bot_tg.bot.bot | ERROR | Failed to create invoice link for payment 1 (user 7873259127)
Traceback (most recent call last):
  File "/home/HelpWork/Ework/ework_bot_tg/bot/bot.py", line 112, in create_invoice_link
    response.raise_for_status()
  File "/home/HelpWork/Ework/.venv/lib/python3.12/site-packages/httpx/_models.py", line 829, in raise_for_status
    raise HTTPStatusError(message, request=request, response=self)
httpx.HTTPStatusError: Client error '400 Bad Request' for url 'https://api.telegram.org/bot7557858274:AAGVuQyVC0H7YKgBR7FJ15PMjvMfPpF4y9w/createInvoiceLink'
For more information check: https://developer.mozilla.org/en-US/docs/Web/HTTP/Status/400
2025-08-13 01:21:07,056 | ework_bot_tg.bot.bot | ERROR | Ошибка при обработке коллбека модерации: attempt to write a readonly database
Traceback (most recent call last):
  File "/home/HelpWork/Ework/.venv/lib/python3.12/site-packages/django/db/backends/utils.py", line 105, in _execute
    return self.cursor.execute(sql, params)
           ^^^^^^^^^^^^^^^^^^^^^^^^^^^^^^^^
  File "/home/HelpWork/Ework/.venv/lib/python3.12/site-packages/django/db/backends/sqlite3/base.py", line 360, in execute
    return super().execute(query, params)
           ^^^^^^^^^^^^^^^^^^^^^^^^^^^^^^
sqlite3.OperationalError: attempt to write a readonly database

The above exception was the direct cause of the following exception:

Traceback (most recent call last):
  File "/home/HelpWork/Ework/ework_bot_tg/bot/bot.py", line 173, in handle_moderation_callback
    await sync_to_async(post.save)(update_fields=['status'])
  File "/home/HelpWork/Ework/.venv/lib/python3.12/site-packages/asgiref/sync.py", line 468, in __call__
    ret = await asyncio.shield(exec_coro)
          ^^^^^^^^^^^^^^^^^^^^^^^^^^^^^^^
  File "/usr/lib/python3.12/concurrent/futures/thread.py", line 58, in run
    result = self.fn(*self.args, **self.kwargs)
             ^^^^^^^^^^^^^^^^^^^^^^^^^^^^^^^^^^
  File "/home/HelpWork/Ework/.venv/lib/python3.12/site-packages/asgiref/sync.py", line 522, in thread_handler
    return func(*args, **kwargs)
           ^^^^^^^^^^^^^^^^^^^^^
  File "/home/HelpWork/Ework/ework_post/models.py", line 79, in save
    super().save(*args, **kwargs)
  File "/home/HelpWork/Ework/.venv/lib/python3.12/site-packages/polymorphic/models.py", line 87, in save
    return super().save(*args, **kwargs)
           ^^^^^^^^^^^^^^^^^^^^^^^^^^^^^
  File "/home/HelpWork/Ework/.venv/lib/python3.12/site-packages/django/db/models/base.py", line 902, in save
    self.save_base(
  File "/home/HelpWork/Ework/.venv/lib/python3.12/site-packages/django/db/models/base.py", line 1005, in save_base
    parent_inserted = self._save_parents(
                      ^^^^^^^^^^^^^^^^^^^
  File "/home/HelpWork/Ework/.venv/lib/python3.12/site-packages/django/db/models/base.py", line 1058, in _save_parents
    updated = self._save_table(
              ^^^^^^^^^^^^^^^^^
  File "/home/HelpWork/Ework/.venv/lib/python3.12/site-packages/django/db/models/base.py", line 1138, in _save_table
    updated = self._do_update(
              ^^^^^^^^^^^^^^^^
  File "/home/HelpWork/Ework/.venv/lib/python3.12/site-packages/django/db/models/base.py", line 1203, in _do_update
    return filtered._update(values) > 0
           ^^^^^^^^^^^^^^^^^^^^^^^^
  File "/home/HelpWork/Ework/.venv/lib/python3.12/site-packages/django/db/models/query.py", line 1283, in _update
    return query.get_compiler(self.db).execute_sql(ROW_COUNT)
           ^^^^^^^^^^^^^^^^^^^^^^^^^^^^^^^^^^^^^^^^^^^^^^^^^^
  File "/home/HelpWork/Ework/.venv/lib/python3.12/site-packages/django/db/models/sql/compiler.py", line 2059, in execute_sql
    row_count = super().execute_sql(result_type)
                ^^^^^^^^^^^^^^^^^^^^^^^^^^^^^^^^
  File "/home/HelpWork/Ework/.venv/lib/python3.12/site-packages/django/db/models/sql/compiler.py", line 1622, in execute_sql
    cursor.execute(sql, params)
  File "/home/HelpWork/Ework/.venv/lib/python3.12/site-packages/django/db/backends/utils.py", line 122, in execute
    return super().execute(sql, params)
           ^^^^^^^^^^^^^^^^^^^^^^^^^^^^
  File "/home/HelpWork/Ework/.venv/lib/python3.12/site-packages/django/db/backends/utils.py", line 79, in execute
    return self._execute_with_wrappers(
           ^^^^^^^^^^^^^^^^^^^^^^^^^^^^
  File "/home/HelpWork/Ework/.venv/lib/python3.12/site-packages/django/db/backends/utils.py", line 92, in _execute_with_wrappers
    return executor(sql, params, many, context)
           ^^^^^^^^^^^^^^^^^^^^^^^^^^^^^^^^^^^^
  File "/home/HelpWork/Ework/.venv/lib/python3.12/site-packages/django/db/backends/utils.py", line 100, in _execute
    with self.db.wrap_database_errors:
  File "/home/HelpWork/Ework/.venv/lib/python3.12/site-packages/django/db/utils.py", line 91, in __exit__
    raise dj_exc_value.with_traceback(traceback) from exc_value
  File "/home/HelpWork/Ework/.venv/lib/python3.12/site-packages/django/db/backends/utils.py", line 105, in _execute
    return self.cursor.execute(sql, params)
           ^^^^^^^^^^^^^^^^^^^^^^^^^^^^^^^^
  File "/home/HelpWork/Ework/.venv/lib/python3.12/site-packages/django/db/backends/sqlite3/base.py", line 360, in execute
    return super().execute(query, params)
           ^^^^^^^^^^^^^^^^^^^^^^^^^^^^^^
django.db.utils.OperationalError: attempt to write a readonly database
2025-08-13 01:21:12,068 | ework_bot_tg.bot.bot | ERROR | Ошибка при обработке коллбека модерации: attempt to write a readonly database
Traceback (most recent call last):
  File "/home/HelpWork/Ework/.venv/lib/python3.12/site-packages/django/db/backends/utils.py", line 105, in _execute
    return self.cursor.execute(sql, params)
           ^^^^^^^^^^^^^^^^^^^^^^^^^^^^^^^^
  File "/home/HelpWork/Ework/.venv/lib/python3.12/site-packages/django/db/backends/sqlite3/base.py", line 360, in execute
    return super().execute(query, params)
           ^^^^^^^^^^^^^^^^^^^^^^^^^^^^^^
sqlite3.OperationalError: attempt to write a readonly database

The above exception was the direct cause of the following exception:

Traceback (most recent call last):
  File "/home/HelpWork/Ework/ework_bot_tg/bot/bot.py", line 179, in handle_moderation_callback
    await sync_to_async(post.save)(update_fields=['status'])
  File "/home/HelpWork/Ework/.venv/lib/python3.12/site-packages/asgiref/sync.py", line 468, in __call__
    ret = await asyncio.shield(exec_coro)
          ^^^^^^^^^^^^^^^^^^^^^^^^^^^^^^^
  File "/usr/lib/python3.12/concurrent/futures/thread.py", line 58, in run
    result = self.fn(*self.args, **self.kwargs)
             ^^^^^^^^^^^^^^^^^^^^^^^^^^^^^^^^^^
  File "/home/HelpWork/Ework/.venv/lib/python3.12/site-packages/asgiref/sync.py", line 522, in thread_handler
    return func(*args, **kwargs)
           ^^^^^^^^^^^^^^^^^^^^^
  File "/home/HelpWork/Ework/ework_post/models.py", line 79, in save
    super().save(*args, **kwargs)
  File "/home/HelpWork/Ework/.venv/lib/python3.12/site-packages/polymorphic/models.py", line 87, in save
    return super().save(*args, **kwargs)
           ^^^^^^^^^^^^^^^^^^^^^^^^^^^^^
  File "/home/HelpWork/Ework/.venv/lib/python3.12/site-packages/django/db/models/base.py", line 902, in save
    self.save_base(
  File "/home/HelpWork/Ework/.venv/lib/python3.12/site-packages/django/db/models/base.py", line 1005, in save_base
    parent_inserted = self._save_parents(
                      ^^^^^^^^^^^^^^^^^^^
  File "/home/HelpWork/Ework/.venv/lib/python3.12/site-packages/django/db/models/base.py", line 1058, in _save_parents
    updated = self._save_table(
              ^^^^^^^^^^^^^^^^^
  File "/home/HelpWork/Ework/.venv/lib/python3.12/site-packages/django/db/models/base.py", line 1138, in _save_table
    updated = self._do_update(
              ^^^^^^^^^^^^^^^^
  File "/home/HelpWork/Ework/.venv/lib/python3.12/site-packages/django/db/models/base.py", line 1203, in _do_update
    return filtered._update(values) > 0
           ^^^^^^^^^^^^^^^^^^^^^^^^
  File "/home/HelpWork/Ework/.venv/lib/python3.12/site-packages/django/db/models/query.py", line 1283, in _update
    return query.get_compiler(self.db).execute_sql(ROW_COUNT)
           ^^^^^^^^^^^^^^^^^^^^^^^^^^^^^^^^^^^^^^^^^^^^^^^^^^
  File "/home/HelpWork/Ework/.venv/lib/python3.12/site-packages/django/db/models/sql/compiler.py", line 2059, in execute_sql
    row_count = super().execute_sql(result_type)
                ^^^^^^^^^^^^^^^^^^^^^^^^^^^^^^^^
  File "/home/HelpWork/Ework/.venv/lib/python3.12/site-packages/django/db/models/sql/compiler.py", line 1622, in execute_sql
    cursor.execute(sql, params)
  File "/home/HelpWork/Ework/.venv/lib/python3.12/site-packages/django/db/backends/utils.py", line 122, in execute
    return super().execute(sql, params)
           ^^^^^^^^^^^^^^^^^^^^^^^^^^^^
  File "/home/HelpWork/Ework/.venv/lib/python3.12/site-packages/django/db/backends/utils.py", line 79, in execute
    return self._execute_with_wrappers(
           ^^^^^^^^^^^^^^^^^^^^^^^^^^^^
  File "/home/HelpWork/Ework/.venv/lib/python3.12/site-packages/django/db/backends/utils.py", line 92, in _execute_with_wrappers
    return executor(sql, params, many, context)
           ^^^^^^^^^^^^^^^^^^^^^^^^^^^^^^^^^^^^
  File "/home/HelpWork/Ework/.venv/lib/python3.12/site-packages/django/db/backends/utils.py", line 100, in _execute
    with self.db.wrap_database_errors:
  File "/home/HelpWork/Ework/.venv/lib/python3.12/site-packages/django/db/utils.py", line 91, in __exit__
    raise dj_exc_value.with_traceback(traceback) from exc_value
  File "/home/HelpWork/Ework/.venv/lib/python3.12/site-packages/django/db/backends/utils.py", line 105, in _execute
    return self.cursor.execute(sql, params)
           ^^^^^^^^^^^^^^^^^^^^^^^^^^^^^^^^
  File "/home/HelpWork/Ework/.venv/lib/python3.12/site-packages/django/db/backends/sqlite3/base.py", line 360, in execute
    return super().execute(query, params)
           ^^^^^^^^^^^^^^^^^^^^^^^^^^^^^^
django.db.utils.OperationalError: attempt to write a readonly database
